{"phase": "decode", "profile": "budget10_auto", "round": 1, "event": "session_start"}
{"phase": "readiness", "wait_s": 0, "stable_s": 0, "need_gb": 13, "free_gb": 28.3, "state": {"lowPowerModeEnabled": false, "thermalState": "nominal", "host_load": {"background_cpu_percent": 165.4, "largest_background_process_cpu_percent": 32.0, "gpu_utilization_percent": 0, "background_cpu_eligible": false, "idle_eligible": false}}}
{"phase": "readiness", "wait_s": 31, "stable_s": 0, "need_gb": 13, "free_gb": 28.1, "state": {"lowPowerModeEnabled": false, "thermalState": "nominal", "host_load": {"background_cpu_percent": 185.9, "largest_background_process_cpu_percent": 33.0, "gpu_utilization_percent": 20, "background_cpu_eligible": false, "idle_eligible": false}}}
{"phase": "readiness", "wait_s": 63, "stable_s": 0, "need_gb": 13, "free_gb": 27.9, "state": {"lowPowerModeEnabled": false, "thermalState": "nominal", "host_load": {"background_cpu_percent": 199.2, "largest_background_process_cpu_percent": 49.3, "gpu_utilization_percent": 20, "background_cpu_eligible": false, "idle_eligible": false}}}
{"phase": "readiness", "wait_s": 94, "stable_s": 0, "need_gb": 13, "free_gb": 27.9, "state": {"lowPowerModeEnabled": false, "thermalState": "nominal", "host_load": {"background_cpu_percent": 207.20000000000002, "largest_background_process_cpu_percent": 38.7, "gpu_utilization_percent": 22, "background_cpu_eligible": false, "idle_eligible": false}}}
{"phase": "readiness", "wait_s": 126, "stable_s": 0, "need_gb": 13, "free_gb": 26.5, "state": {"lowPowerModeEnabled": false, "thermalState": "nominal", "host_load": {"background_cpu_percent": 254.5, "largest_background_process_cpu_percent": 36.6, "gpu_utilization_percent": 22, "background_cpu_eligible": false, "idle_eligible": false}}}
{"phase": "readiness", "wait_s": 157, "stable_s": 0, "need_gb": 13, "free_gb": 24.2, "state": {"lowPowerModeEnabled": false, "thermalState": "nominal", "host_load": {"background_cpu_percent": 244.79999999999998, "largest_background_process_cpu_percent": 44.3, "gpu_utilization_percent": 25, "background_cpu_eligible": false, "idle_eligible": false}}}
{"phase": "readiness", "wait_s": 189, "stable_s": 0, "need_gb": 13, "free_gb": 24.4, "state": {"lowPowerModeEnabled": false, "thermalState": "nominal", "host_load": {"background_cpu_percent": 228.3, "largest_background_process_cpu_percent": 103.2, "gpu_utilization_percent": 14, "background_cpu_eligible": false, "idle_eligible": false}}}
{"phase": "readiness", "wait_s": 220, "stable_s": 0, "need_gb": 13, "free_gb": 24.5, "state": {"lowPowerModeEnabled": false, "thermalState": "nominal", "host_load": {"background_cpu_percent": 175.20000000000002, "largest_background_process_cpu_percent": 36.2, "gpu_utilization_percent": 11, "background_cpu_eligible": false, "idle_eligible": false}}}
{"phase": "readiness", "wait_s": 252, "stable_s": 0, "need_gb": 13, "free_gb": 24.8, "state": {"lowPowerModeEnabled": false, "thermalState": "nominal", "host_load": {"background_cpu_percent": 156.7, "largest_background_process_cpu_percent": 34.1, "gpu_utilization_percent": 11, "background_cpu_eligible": false, "idle_eligible": false}}}
{"phase": "readiness", "wait_s": 283, "stable_s": 0, "need_gb": 13, "free_gb": 24.7, "state": {"lowPowerModeEnabled": false, "thermalState": "nominal", "host_load": {"background_cpu_percent": 185.8, "largest_background_process_cpu_percent": 36.8, "gpu_utilization_percent": 14, "background_cpu_eligible": false, "idle_eligible": false}}}
{"phase": "readiness", "wait_s": 315, "stable_s": 0, "need_gb": 13, "free_gb": 24.6, "state": {"lowPowerModeEnabled": false, "thermalState": "nominal", "host_load": {"background_cpu_percent": 158.4, "largest_background_process_cpu_percent": 33.7, "gpu_utilization_percent": 10, "background_cpu_eligible": false, "idle_eligible": false}}}
{"phase": "readiness", "wait_s": 346, "stable_s": 0, "need_gb": 13, "free_gb": 24.7, "state": {"lowPowerModeEnabled": false, "thermalState": "nominal", "host_load": {"background_cpu_percent": 47.7, "largest_background_process_cpu_percent": 24.1, "gpu_utilization_percent": 0, "background_cpu_eligible": true, "idle_eligible": true}}}
{"phase": "readiness", "wait_s": 378, "stable_s": 0, "need_gb": 13, "free_gb": 24.5, "state": {"lowPowerModeEnabled": false, "thermalState": "nominal", "host_load": {"background_cpu_percent": 21.6, "largest_background_process_cpu_percent": 11.5, "gpu_utilization_percent": 26, "background_cpu_eligible": true, "idle_eligible": false}}}
{"phase": "readiness", "wait_s": 409, "stable_s": 0, "need_gb": 13, "free_gb": 24.5, "state": {"lowPowerModeEnabled": false, "thermalState": "nominal", "host_load": {"background_cpu_percent": 74.89999999999999, "largest_background_process_cpu_percent": 19.9, "gpu_utilization_percent": 0, "background_cpu_eligible": false, "idle_eligible": false}}}
{"phase": "readiness", "wait_s": 441, "stable_s": 0, "need_gb": 13, "free_gb": 24.4, "state": {"lowPowerModeEnabled": false, "thermalState": "nominal", "host_load": {"background_cpu_percent": 140.7, "largest_background_process_cpu_percent": 26.4, "gpu_utilization_percent": 0, "background_cpu_eligible": false, "idle_eligible": false}}}
{"phase": "readiness", "wait_s": 472, "stable_s": 0, "need_gb": 13, "free_gb": 23.8, "state": {"lowPowerModeEnabled": false, "thermalState": "nominal", "host_load": {"background_cpu_percent": 100.6, "largest_background_process_cpu_percent": 20.3, "gpu_utilization_percent": 0, "background_cpu_eligible": false, "idle_eligible": false}}}
{"phase": "readiness", "wait_s": 504, "stable_s": 0, "need_gb": 13, "free_gb": 24.0, "state": {"lowPowerModeEnabled": false, "thermalState": "nominal", "host_load": {"background_cpu_percent": 47.5, "largest_background_process_cpu_percent": 15.3, "gpu_utilization_percent": 0, "background_cpu_eligible": true, "idle_eligible": true}}}
{"phase": "readiness", "wait_s": 535, "stable_s": 0, "need_gb": 13, "free_gb": 24.0, "state": {"lowPowerModeEnabled": false, "thermalState": "nominal", "host_load": {"background_cpu_percent": 57.8, "largest_background_process_cpu_percent": 13.8, "gpu_utilization_percent": 12, "background_cpu_eligible": false, "idle_eligible": false}}}
{"phase": "readiness", "wait_s": 566, "stable_s": 0, "need_gb": 13, "free_gb": 24.0, "state": {"lowPowerModeEnabled": false, "thermalState": "nominal", "host_load": {"background_cpu_percent": 88.0, "largest_background_process_cpu_percent": 43.9, "gpu_utilization_percent": 12, "background_cpu_eligible": false, "idle_eligible": false}}}
{"phase": "readiness", "wait_s": 598, "stable_s": 0, "need_gb": 13, "free_gb": 24.0, "state": {"lowPowerModeEnabled": false, "thermalState": "nominal", "host_load": {"background_cpu_percent": 135.3, "largest_background_process_cpu_percent": 34.7, "gpu_utilization_percent": 0, "background_cpu_eligible": false, "idle_eligible": false}}}
{"phase": "readiness", "wait_s": 629, "stable_s": 0, "need_gb": 13, "free_gb": 24.0, "state": {"lowPowerModeEnabled": false, "thermalState": "nominal", "host_load": {"background_cpu_percent": 65.4, "largest_background_process_cpu_percent": 13.7, "gpu_utilization_percent": 0, "background_cpu_eligible": false, "idle_eligible": false}}}
{"phase": "readiness", "wait_s": 661, "stable_s": 0, "need_gb": 13, "free_gb": 23.7, "state": {"lowPowerModeEnabled": false, "thermalState": "nominal", "host_load": {"background_cpu_percent": 15.1, "largest_background_process_cpu_percent": 2.3, "gpu_utilization_percent": 0, "background_cpu_eligible": true, "idle_eligible": true}}}
{"phase": "readiness", "wait_s": 693, "stable_s": 2, "need_gb": 13, "free_gb": 23.6, "state": {"lowPowerModeEnabled": false, "thermalState": "nominal", "host_load": {"background_cpu_percent": 10.0, "largest_background_process_cpu_percent": 2.5, "gpu_utilization_percent": 0, "background_cpu_eligible": true, "idle_eligible": true}}}
{"phase": "readiness", "wait_s": 724, "stable_s": 34, "need_gb": 13, "free_gb": 23.7, "state": {"lowPowerModeEnabled": false, "thermalState": "nominal", "host_load": {"background_cpu_percent": 7.8, "largest_background_process_cpu_percent": 1.0, "gpu_utilization_percent": 0, "background_cpu_eligible": true, "idle_eligible": true}}}
{"phase": "readiness", "wait_s": 756, "stable_s": 6, "need_gb": 13, "free_gb": 23.7, "state": {"lowPowerModeEnabled": false, "thermalState": "nominal", "host_load": {"background_cpu_percent": 8.6, "largest_background_process_cpu_percent": 1.9, "gpu_utilization_percent": 0, "background_cpu_eligible": true, "idle_eligible": true}}}
{"phase": "readiness", "wait_s": 787, "stable_s": 0, "need_gb": 13, "free_gb": 23.5, "state": {"lowPowerModeEnabled": false, "thermalState": "nominal", "host_load": {"background_cpu_percent": 5.9, "largest_background_process_cpu_percent": 1.1, "gpu_utilization_percent": 0, "background_cpu_eligible": true, "idle_eligible": true}}}
{"phase": "readiness", "wait_s": 819, "stable_s": 0, "need_gb": 13, "free_gb": 23.3, "state": {"lowPowerModeEnabled": false, "thermalState": "nominal", "host_load": {"background_cpu_percent": 7.4, "largest_background_process_cpu_percent": 1.8, "gpu_utilization_percent": 0, "background_cpu_eligible": true, "idle_eligible": true}}}
{"phase": "readiness", "wait_s": 850, "stable_s": 32, "need_gb": 13, "free_gb": 23.5, "state": {"lowPowerModeEnabled": false, "thermalState": "nominal", "host_load": {"background_cpu_percent": 13.100000000000001, "largest_background_process_cpu_percent": 4.2, "gpu_utilization_percent": 0, "background_cpu_eligible": true, "idle_eligible": true}}}
{"phase": "readiness", "wait_s": 882, "stable_s": 63, "need_gb": 13, "free_gb": 23.5, "state": {"lowPowerModeEnabled": false, "thermalState": "nominal", "host_load": {"background_cpu_percent": 17.7, "largest_background_process_cpu_percent": 10.9, "gpu_utilization_percent": 0, "background_cpu_eligible": true, "idle_eligible": true}}}
Traceback (most recent call last):
  File "/tmp/slotstream-release-calibration-20260922/harness-idle-v2/release_speed_bench.py", line 198, in <module>
    main()
  File "/tmp/slotstream-release-calibration-20260922/harness-idle-v2/release_speed_bench.py", line 193, in main
    run_session(p,profile,r,out,a.phase)
  File "/tmp/slotstream-release-calibration-20260922/harness-idle-v2/release_speed_bench.py", line 141, in run_session
    ready=settle(p['probe'],p['settle_seconds'],profile['required_headroom_gb'],p['readiness_timeout_seconds']);save(session/'readiness.json',ready)
          ^^^^^^^^^^^^^^^^^^^^^^^^^^^^^^^^^^^^^^^^^^^^^^^^^^^^^^^^^^^^^^^^^^^^^^^^^^^^^^^^^^^^^^^^^^^^^^^^^^^^^
  File "/tmp/slotstream-release-calibration-20260922/harness-idle-v2/release_speed_bench.py", line 48, in settle
    raise error
TimeoutError: readiness timeout; no model launched
