{"phase": "prefill", "profile": "budget10_auto", "round": 1, "event": "session_start"}
{"phase": "readiness", "wait_s": 0, "stable_s": 0, "need_gb": 13, "free_gb": 32.2, "state": {"lowPowerModeEnabled": false, "thermalState": "nominal", "host_load": {"background_cpu_percent": 37.3, "largest_background_process_cpu_percent": 9.6, "gpu_utilization_percent": 0, "background_cpu_eligible": true, "idle_eligible": true}}, "load_screen": {"eligible": false, "reason": "missing or invalid host-load samples"}}
{"phase": "readiness", "wait_s": 31, "stable_s": 0, "need_gb": 13, "free_gb": 27.4, "state": {"lowPowerModeEnabled": false, "thermalState": "nominal", "host_load": {"background_cpu_percent": 151.0, "largest_background_process_cpu_percent": 124.5, "gpu_utilization_percent": 42, "background_cpu_eligible": false, "idle_eligible": false}}, "load_screen": {"eligible": false, "sample_count": 16, "means": {"background_cpu_percent": 217.20624999999998, "largest_background_process_cpu_percent": 165.98125, "gpu_utilization_percent": 18.8125}, "burst_fraction": 0.6875, "idle": true}}
{"phase": "readiness", "wait_s": 63, "stable_s": 0, "need_gb": 13, "free_gb": 31.9, "state": {"lowPowerModeEnabled": false, "thermalState": "nominal", "host_load": {"background_cpu_percent": 185.5, "largest_background_process_cpu_percent": 144.6, "gpu_utilization_percent": 41, "background_cpu_eligible": false, "idle_eligible": false}}, "load_screen": {"eligible": false, "sample_count": 31, "means": {"background_cpu_percent": 204.32258064516128, "largest_background_process_cpu_percent": 158.48709677419356, "gpu_utilization_percent": 30.193548387096776}, "burst_fraction": 0.8387096774193549, "idle": true}}
{"phase": "readiness", "wait_s": 94, "stable_s": 0, "need_gb": 13, "free_gb": 32.4, "state": {"lowPowerModeEnabled": false, "thermalState": "nominal", "host_load": {"background_cpu_percent": 166.9, "largest_background_process_cpu_percent": 139.9, "gpu_utilization_percent": 41, "background_cpu_eligible": false, "idle_eligible": false}}, "load_screen": {"eligible": false, "sample_count": 46, "means": {"background_cpu_percent": 213.6304347826087, "largest_background_process_cpu_percent": 168.7826086956522, "gpu_utilization_percent": 35.15217391304348}, "burst_fraction": 0.8913043478260869, "idle": true}}
{"phase": "readiness", "wait_s": 126, "stable_s": 0, "need_gb": 13, "free_gb": 31.2, "state": {"lowPowerModeEnabled": false, "thermalState": "nominal", "host_load": {"background_cpu_percent": 173.7, "largest_background_process_cpu_percent": 130.5, "gpu_utilization_percent": 46, "background_cpu_eligible": false, "idle_eligible": false}}, "load_screen": {"eligible": false, "sample_count": 58, "means": {"background_cpu_percent": 222.8103448275862, "largest_background_process_cpu_percent": 169.61206896551724, "gpu_utilization_percent": 38.827586206896555}, "burst_fraction": 0.9655172413793104, "idle": true}}
{"phase": "readiness", "wait_s": 157, "stable_s": 0, "need_gb": 13, "free_gb": 30.9, "state": {"lowPowerModeEnabled": false, "thermalState": "nominal", "host_load": {"background_cpu_percent": 177.6, "largest_background_process_cpu_percent": 137.9, "gpu_utilization_percent": 39, "background_cpu_eligible": false, "idle_eligible": false}}, "load_screen": {"eligible": false, "sample_count": 58, "means": {"background_cpu_percent": 218.08965517241379, "largest_background_process_cpu_percent": 163.00689655172414, "gpu_utilization_percent": 43.172413793103445}, "burst_fraction": 1.0, "idle": true}}
{"phase": "readiness", "wait_s": 189, "stable_s": 0, "need_gb": 13, "free_gb": 31.1, "state": {"lowPowerModeEnabled": false, "thermalState": "nominal", "host_load": {"background_cpu_percent": 403.3, "largest_background_process_cpu_percent": 356.2, "gpu_utilization_percent": 53, "background_cpu_eligible": false, "idle_eligible": false}}, "load_screen": {"eligible": false, "sample_count": 58, "means": {"background_cpu_percent": 226.79310344827587, "largest_background_process_cpu_percent": 173.1155172413793, "gpu_utilization_percent": 43.810344827586206}, "burst_fraction": 1.0, "idle": true}}
Traceback (most recent call last):
  File "/tmp/slotstream-release-calibration-20260922/harness-idle-v3/release_speed_bench.py", line 200, in <module>
    main()
  File "/tmp/slotstream-release-calibration-20260922/harness-idle-v3/release_speed_bench.py", line 195, in main
    run_session(p,profile,r,out,a.phase)
  File "/tmp/slotstream-release-calibration-20260922/harness-idle-v3/release_speed_bench.py", line 143, in run_session
    ready=settle(p['probe'],p['settle_seconds'],profile['required_headroom_gb'],p['readiness_timeout_seconds']);save(session/'readiness.json',ready)
          ^^^^^^^^^^^^^^^^^^^^^^^^^^^^^^^^^^^^^^^^^^^^^^^^^^^^^^^^^^^^^^^^^^^^^^^^^^^^^^^^^^^^^^^^^^^^^^^^^^^^^
  File "/tmp/slotstream-release-calibration-20260922/harness-idle-v3/release_speed_bench.py", line 53, in settle
    time.sleep(2)
  File "/tmp/slotstream-release-calibration-20260922/harness-idle-v3/release_speed_bench.py", line 198, in interrupt
    def interrupt(*_):raise KeyboardInterrupt('benchmark interrupted')
                      ^^^^^^^^^^^^^^^^^^^^^^^^^^^^^^^^^^^^^^^^^^^^^^^^
KeyboardInterrupt: benchmark interrupted
